// Jest Snapshot v1, https://goo.gl/fbAQLP

exports[`Accordians Component renders empty given no sections 1`] = `
<div>
  <ul />
</div>
`;

exports[`Accordians Component renders empty given no sections 2`] = `
<div>
  <ul>
    <li
      key="0"
    >
      <button
        onClick={[Function]}
        type="button"
      >
        Section 1
      </button>
      <p>
        Lorem ipsum dolor sit amet consectetur adipisicing elit.
      </p>
    </li>
    <li
      key="1"
    >
      <button
        onClick={[Function]}
        type="button"
      >
        Section 2
      </button>
    </li>
    <li
      key="2"
    >
      <button
        onClick={[Function]}
        type="button"
      >
        Section 3
      </button>
    </li>
  </ul>
</div>
`;
